complete -c vpnd -n __fish_use_subcommand -s h -l help -d 'show this help message and exit'
complete -c vpnd -n __fish_use_subcommand -l explain -d 'Print underlying invocations without running them.'
complete -c vpnd -n __fish_use_subcommand -l yes -s y -d 'Skip interactive confirmation.'
complete -c vpnd -n __fish_use_subcommand -l root -r -d 'Override repository root (VPN_DEPLOY_ROOT; default: discover from cwd).'
complete -c vpnd -n __fish_use_subcommand -l env -s e -r -d 'Target environment (VPN_ENV; default: prod).'
complete -c vpnd -n __fish_use_subcommand -l provider -s p -r -d 'Cloud provider Terraform root (VPN_PROVIDER; default: upcloud).'
complete -c vpnd -n __fish_use_subcommand -l version -s V -d 'show program'"'"'s version number and exit'
complete -c vpnd -n __fish_use_subcommand -a deploy -d 'Interactive deploy wizard.'
complete -c vpnd -n __fish_use_subcommand -a reconverge -d 'Idempotent re-deploy against existing hosts.'
complete -c vpnd -n __fish_use_subcommand -a share -d 'Bundled recipient handoff (URL, QR, sing-box and app cards).'
complete -c vpnd -n __fish_use_subcommand -a doctor -d 'Diagnostic bundle.'
complete -c vpnd -n __fish_use_subcommand -a probe -d 'Profile-aware probing.'
complete -c vpnd -n __fish_use_subcommand -a probe-matrix -d 'Multi-protocol simultaneity DPI probe across a configured matrix.'
complete -c vpnd -n __fish_use_subcommand -a preflight -d 'Pre-deploy guards.'
complete -c vpnd -n __fish_use_subcommand -a fleet -d 'Fleet-wide operations.'
complete -c vpnd -n __fish_use_subcommand -a host -d 'Local host registry.'
complete -c vpnd -n __fish_use_subcommand -a ai-docs -d 'Machine-readable docs endpoints.'
complete -c vpnd -n __fish_use_subcommand -a update -d 'Check for a newer vpnd release (cached 24 h).'
complete -c vpnd -n __fish_use_subcommand -a completions -d 'Emit shell completions to stdout.'
complete -c vpnd -n '__fish_seen_subcommand_from deploy' -s h -l help -d 'show this help message and exit'
complete -c vpnd -n '__fish_seen_subcommand_from deploy' -l explain -d 'Print underlying invocations without running them.'
complete -c vpnd -n '__fish_seen_subcommand_from deploy' -l yes -s y -d 'Skip interactive confirmation.'
complete -c vpnd -n '__fish_seen_subcommand_from deploy' -l root -r -d 'Override repository root (VPN_DEPLOY_ROOT; default: discover from cwd).'
complete -c vpnd -n '__fish_seen_subcommand_from deploy' -l env -s e -r -d 'Target environment (VPN_ENV; default: prod).'
complete -c vpnd -n '__fish_seen_subcommand_from deploy' -l provider -s p -r -d 'Cloud provider Terraform root (VPN_PROVIDER; default: upcloud).'
complete -c vpnd -n '__fish_seen_subcommand_from deploy' -l skip-precheck -d 'Skip running pre-deploy guards (mirrors SKIP_PRECHECK=1).'
complete -c vpnd -n '__fish_seen_subcommand_from deploy' -l tag-on-success -d 'Tag a known-good commit after a successful verify run.'
complete -c vpnd -n '__fish_seen_subcommand_from reconverge' -s h -l help -d 'show this help message and exit'
complete -c vpnd -n '__fish_seen_subcommand_from reconverge' -l explain -d 'Print underlying invocations without running them.'
complete -c vpnd -n '__fish_seen_subcommand_from reconverge' -l yes -s y -d 'Skip interactive confirmation.'
complete -c vpnd -n '__fish_seen_subcommand_from reconverge' -l root -r -d 'Override repository root (VPN_DEPLOY_ROOT; default: discover from cwd).'
complete -c vpnd -n '__fish_seen_subcommand_from reconverge' -l env -s e -r -d 'Target environment (VPN_ENV; default: prod).'
complete -c vpnd -n '__fish_seen_subcommand_from reconverge' -l provider -s p -r -d 'Cloud provider Terraform root (VPN_PROVIDER; default: upcloud).'
complete -c vpnd -n '__fish_seen_subcommand_from reconverge' -l host -r -d 'Limit to a single host from the registry.'
complete -c vpnd -n '__fish_seen_subcommand_from reconverge' -l dry-run -d 'Stop after dry-run; do not apply.'
complete -c vpnd -n '__fish_seen_subcommand_from share' -s h -l help -d 'show this help message and exit'
complete -c vpnd -n '__fish_seen_subcommand_from share' -l explain -d 'Print underlying invocations without running them.'
complete -c vpnd -n '__fish_seen_subcommand_from share' -l yes -s y -d 'Skip interactive confirmation.'
complete -c vpnd -n '__fish_seen_subcommand_from share' -l root -r -d 'Override repository root (VPN_DEPLOY_ROOT; default: discover from cwd).'
complete -c vpnd -n '__fish_seen_subcommand_from share' -l env -s e -r -d 'Target environment (VPN_ENV; default: prod).'
complete -c vpnd -n '__fish_seen_subcommand_from share' -l provider -s p -r -d 'Cloud provider Terraform root (VPN_PROVIDER; default: upcloud).'
complete -c vpnd -n '__fish_seen_subcommand_from share' -l qr -d 'Also emit a QR code image.'
complete -c vpnd -n '__fish_seen_subcommand_from share' -l type -r -a 'singbox uri' -d 'QR payload type (default: singbox).'
complete -c vpnd -n '__fish_seen_subcommand_from share' -l out -r -d 'Output directory (default: ./share/<client>/).'
complete -c vpnd -n '__fish_seen_subcommand_from share' -l token-stdin -d 'Read the opaque subscription token from stdin.'
complete -c vpnd -n '__fish_seen_subcommand_from share' -l token-file -r -d 'Read the opaque subscription token from a 0600 file.'
complete -c vpnd -n '__fish_seen_subcommand_from doctor' -s h -l help -d 'show this help message and exit'
complete -c vpnd -n '__fish_seen_subcommand_from doctor' -l explain -d 'Print underlying invocations without running them.'
complete -c vpnd -n '__fish_seen_subcommand_from doctor' -l yes -s y -d 'Skip interactive confirmation.'
complete -c vpnd -n '__fish_seen_subcommand_from doctor' -l root -r -d 'Override repository root (VPN_DEPLOY_ROOT; default: discover from cwd).'
complete -c vpnd -n '__fish_seen_subcommand_from doctor' -l env -s e -r -d 'Target environment (VPN_ENV; default: prod).'
complete -c vpnd -n '__fish_seen_subcommand_from doctor' -l provider -s p -r -d 'Cloud provider Terraform root (VPN_PROVIDER; default: upcloud).'
complete -c vpnd -n '__fish_seen_subcommand_from doctor' -l host -r -d 'Host alias from the registry; omitted = active env'"'"'s primary host.'
complete -c vpnd -n '__fish_seen_subcommand_from doctor' -l ai -d 'Format output as a clipboard-ready prompt for an AI assistant.'
complete -c vpnd -n '__fish_seen_subcommand_from doctor' -l clip -d 'Copy AI prompt to the system clipboard (requires --ai).'
complete -c vpnd -n '__fish_seen_subcommand_from doctor' -l bundle -r -d 'Pack a diagnostic gzip-tar bundle at this path (orthogonal to --ai).'
complete -c vpnd -n '__fish_seen_subcommand_from probe' -s h -l help -d 'show this help message and exit'
complete -c vpnd -n '__fish_seen_subcommand_from probe' -l explain -d 'Print underlying invocations without running them.'
complete -c vpnd -n '__fish_seen_subcommand_from probe' -l yes -s y -d 'Skip interactive confirmation.'
complete -c vpnd -n '__fish_seen_subcommand_from probe' -l root -r -d 'Override repository root (VPN_DEPLOY_ROOT; default: discover from cwd).'
complete -c vpnd -n '__fish_seen_subcommand_from probe' -l env -s e -r -d 'Target environment (VPN_ENV; default: prod).'
complete -c vpnd -n '__fish_seen_subcommand_from probe' -l provider -s p -r -d 'Cloud provider Terraform root (VPN_PROVIDER; default: upcloud).'
complete -c vpnd -n '__fish_seen_subcommand_from probe' -l host -r -d 'Host alias from the registry; omitted = active env'"'"'s primary host.'
complete -c vpnd -n '__fish_seen_subcommand_from probe' -l profile -r -a 'p0 p1 p2 all' -d 'Which profile to probe (default: all).'
complete -c vpnd -n '__fish_seen_subcommand_from probe-matrix' -s h -l help -d 'show this help message and exit'
complete -c vpnd -n '__fish_seen_subcommand_from probe-matrix' -l explain -d 'Print underlying invocations without running them.'
complete -c vpnd -n '__fish_seen_subcommand_from probe-matrix' -l yes -s y -d 'Skip interactive confirmation.'
complete -c vpnd -n '__fish_seen_subcommand_from probe-matrix' -l root -r -d 'Override repository root (VPN_DEPLOY_ROOT; default: discover from cwd).'
complete -c vpnd -n '__fish_seen_subcommand_from probe-matrix' -l env -s e -r -d 'Target environment (VPN_ENV; default: prod).'
complete -c vpnd -n '__fish_seen_subcommand_from probe-matrix' -l provider -s p -r -d 'Cloud provider Terraform root (VPN_PROVIDER; default: upcloud).'
complete -c vpnd -n '__fish_seen_subcommand_from probe-matrix' -l duration -r -d 'Run duration; plain seconds or NN{s,m,h,d} (default: 4h).'
complete -c vpnd -n '__fish_seen_subcommand_from probe-matrix' -l poll-interval-seconds -r -d 'Poll interval between matrix sweeps (seconds); overrides config.'
complete -c vpnd -n '__fish_seen_subcommand_from probe-matrix' -l config -r -d 'Matrix config YAML (default: <root>/vpnd/config/probe-matrix.yaml).'
complete -c vpnd -n '__fish_seen_subcommand_from probe-matrix' -l output -r -d 'Report JSON output (default: <root>/vpnd/state/probe-matrix-<unix-ms>.json).'
complete -c vpnd -n '__fish_seen_subcommand_from probe-matrix' -l json -d 'Emit a machine-readable run summary instead of the human path line.'
complete -c vpnd -n '__fish_seen_subcommand_from preflight' -s h -l help -d 'show this help message and exit'
complete -c vpnd -n '__fish_seen_subcommand_from preflight' -l explain -d 'Print underlying invocations without running them.'
complete -c vpnd -n '__fish_seen_subcommand_from preflight' -l yes -s y -d 'Skip interactive confirmation.'
complete -c vpnd -n '__fish_seen_subcommand_from preflight' -l root -r -d 'Override repository root (VPN_DEPLOY_ROOT; default: discover from cwd).'
complete -c vpnd -n '__fish_seen_subcommand_from preflight' -l env -s e -r -d 'Target environment (VPN_ENV; default: prod).'
complete -c vpnd -n '__fish_seen_subcommand_from preflight' -l provider -s p -r -d 'Cloud provider Terraform root (VPN_PROVIDER; default: upcloud).'
complete -c vpnd -n '__fish_seen_subcommand_from preflight' -l skip-certs -d 'Skip the certificate-validity check (faster smoke).'
complete -c vpnd -n '__fish_seen_subcommand_from fleet' -s h -l help -d 'show this help message and exit'
complete -c vpnd -n '__fish_seen_subcommand_from fleet' -l explain -d 'Print underlying invocations without running them.'
complete -c vpnd -n '__fish_seen_subcommand_from fleet' -l yes -s y -d 'Skip interactive confirmation.'
complete -c vpnd -n '__fish_seen_subcommand_from fleet' -l root -r -d 'Override repository root (VPN_DEPLOY_ROOT; default: discover from cwd).'
complete -c vpnd -n '__fish_seen_subcommand_from fleet' -l env -s e -r -d 'Target environment (VPN_ENV; default: prod).'
complete -c vpnd -n '__fish_seen_subcommand_from fleet' -l provider -s p -r -d 'Cloud provider Terraform root (VPN_PROVIDER; default: upcloud).'
complete -c vpnd -n '__fish_seen_subcommand_from fleet' -a status -d 'Summary table across every host:env pair.'
complete -c vpnd -n '__fish_seen_subcommand_from fleet' -a rotate -d 'Coordinated rotation across the fleet.'
complete -c vpnd -n '__fish_seen_subcommand_from fleet' -a drift -d 'Diff fleet state against the last known-good tag.'
complete -c vpnd -n '__fish_seen_subcommand_from fleet status' -s h -l help -d 'show this help message and exit'
complete -c vpnd -n '__fish_seen_subcommand_from fleet status' -l explain -d 'Print underlying invocations without running them.'
complete -c vpnd -n '__fish_seen_subcommand_from fleet status' -l yes -s y -d 'Skip interactive confirmation.'
complete -c vpnd -n '__fish_seen_subcommand_from fleet status' -l root -r -d 'Override repository root (VPN_DEPLOY_ROOT; default: discover from cwd).'
complete -c vpnd -n '__fish_seen_subcommand_from fleet status' -l env -s e -r -d 'Target environment (VPN_ENV; default: prod).'
complete -c vpnd -n '__fish_seen_subcommand_from fleet status' -l provider -s p -r -d 'Cloud provider Terraform root (VPN_PROVIDER; default: upcloud).'
complete -c vpnd -n '__fish_seen_subcommand_from fleet rotate' -s h -l help -d 'show this help message and exit'
complete -c vpnd -n '__fish_seen_subcommand_from fleet rotate' -l explain -d 'Print underlying invocations without running them.'
complete -c vpnd -n '__fish_seen_subcommand_from fleet rotate' -l yes -s y -d 'Skip interactive confirmation.'
complete -c vpnd -n '__fish_seen_subcommand_from fleet rotate' -l root -r -d 'Override repository root (VPN_DEPLOY_ROOT; default: discover from cwd).'
complete -c vpnd -n '__fish_seen_subcommand_from fleet rotate' -l env -s e -r -d 'Target environment (VPN_ENV; default: prod).'
complete -c vpnd -n '__fish_seen_subcommand_from fleet rotate' -l provider -s p -r -d 'Cloud provider Terraform root (VPN_PROVIDER; default: upcloud).'
complete -c vpnd -n '__fish_seen_subcommand_from fleet rotate' -l plan -r -d 'Path to the fleet plan YAML.'
complete -c vpnd -n '__fish_seen_subcommand_from fleet rotate' -l resume -d 'Resume a partially-completed rotation.'
complete -c vpnd -n '__fish_seen_subcommand_from fleet rotate' -l dry-run -d 'Show what would happen without making changes.'
complete -c vpnd -n '__fish_seen_subcommand_from fleet drift' -s h -l help -d 'show this help message and exit'
complete -c vpnd -n '__fish_seen_subcommand_from fleet drift' -l explain -d 'Print underlying invocations without running them.'
complete -c vpnd -n '__fish_seen_subcommand_from fleet drift' -l yes -s y -d 'Skip interactive confirmation.'
complete -c vpnd -n '__fish_seen_subcommand_from fleet drift' -l root -r -d 'Override repository root (VPN_DEPLOY_ROOT; default: discover from cwd).'
complete -c vpnd -n '__fish_seen_subcommand_from fleet drift' -l env -s e -r -d 'Target environment (VPN_ENV; default: prod).'
complete -c vpnd -n '__fish_seen_subcommand_from fleet drift' -l provider -s p -r -d 'Cloud provider Terraform root (VPN_PROVIDER; default: upcloud).'
complete -c vpnd -n '__fish_seen_subcommand_from host' -s h -l help -d 'show this help message and exit'
complete -c vpnd -n '__fish_seen_subcommand_from host' -l explain -d 'Print underlying invocations without running them.'
complete -c vpnd -n '__fish_seen_subcommand_from host' -l yes -s y -d 'Skip interactive confirmation.'
complete -c vpnd -n '__fish_seen_subcommand_from host' -l root -r -d 'Override repository root (VPN_DEPLOY_ROOT; default: discover from cwd).'
complete -c vpnd -n '__fish_seen_subcommand_from host' -l env -s e -r -d 'Target environment (VPN_ENV; default: prod).'
complete -c vpnd -n '__fish_seen_subcommand_from host' -l provider -s p -r -d 'Cloud provider Terraform root (VPN_PROVIDER; default: upcloud).'
complete -c vpnd -n '__fish_seen_subcommand_from host' -a list -d 'List registered hosts.'
complete -c vpnd -n '__fish_seen_subcommand_from host' -a show -d 'Show one host record.'
complete -c vpnd -n '__fish_seen_subcommand_from host' -a add -d 'Add a host record.'
complete -c vpnd -n '__fish_seen_subcommand_from host' -a remove -d 'Remove a host record.'
complete -c vpnd -n '__fish_seen_subcommand_from host list' -s h -l help -d 'show this help message and exit'
complete -c vpnd -n '__fish_seen_subcommand_from host list' -l explain -d 'Print underlying invocations without running them.'
complete -c vpnd -n '__fish_seen_subcommand_from host list' -l yes -s y -d 'Skip interactive confirmation.'
complete -c vpnd -n '__fish_seen_subcommand_from host list' -l root -r -d 'Override repository root (VPN_DEPLOY_ROOT; default: discover from cwd).'
complete -c vpnd -n '__fish_seen_subcommand_from host list' -l env -s e -r -d 'Target environment (VPN_ENV; default: prod).'
complete -c vpnd -n '__fish_seen_subcommand_from host list' -l provider -s p -r -d 'Cloud provider Terraform root (VPN_PROVIDER; default: upcloud).'
complete -c vpnd -n '__fish_seen_subcommand_from host list' -l json -d 'Emit a machine-readable JSON array instead of the table.'
complete -c vpnd -n '__fish_seen_subcommand_from host show' -s h -l help -d 'show this help message and exit'
complete -c vpnd -n '__fish_seen_subcommand_from host show' -l explain -d 'Print underlying invocations without running them.'
complete -c vpnd -n '__fish_seen_subcommand_from host show' -l yes -s y -d 'Skip interactive confirmation.'
complete -c vpnd -n '__fish_seen_subcommand_from host show' -l root -r -d 'Override repository root (VPN_DEPLOY_ROOT; default: discover from cwd).'
complete -c vpnd -n '__fish_seen_subcommand_from host show' -l env -s e -r -d 'Target environment (VPN_ENV; default: prod).'
complete -c vpnd -n '__fish_seen_subcommand_from host show' -l provider -s p -r -d 'Cloud provider Terraform root (VPN_PROVIDER; default: upcloud).'
complete -c vpnd -n '__fish_seen_subcommand_from host show' -l json -d 'Emit compact single-line JSON instead of the pretty form.'
complete -c vpnd -n '__fish_seen_subcommand_from host add' -s h -l help -d 'show this help message and exit'
complete -c vpnd -n '__fish_seen_subcommand_from host add' -l explain -d 'Print underlying invocations without running them.'
complete -c vpnd -n '__fish_seen_subcommand_from host add' -l yes -s y -d 'Skip interactive confirmation.'
complete -c vpnd -n '__fish_seen_subcommand_from host add' -l root -r -d 'Override repository root (VPN_DEPLOY_ROOT; default: discover from cwd).'
complete -c vpnd -n '__fish_seen_subcommand_from host add' -l env -r -d 'Host environment.'
complete -c vpnd -n '__fish_seen_subcommand_from host add' -l provider -r -d 'Host cloud provider.'
complete -c vpnd -n '__fish_seen_subcommand_from host add' -l ipv4 -r -d 'Host IPv4 address.'
complete -c vpnd -n '__fish_seen_subcommand_from host add' -l ipv6 -r -d 'Host IPv6 address.'
complete -c vpnd -n '__fish_seen_subcommand_from host remove' -s h -l help -d 'show this help message and exit'
complete -c vpnd -n '__fish_seen_subcommand_from host remove' -l explain -d 'Print underlying invocations without running them.'
complete -c vpnd -n '__fish_seen_subcommand_from host remove' -l yes -s y -d 'Skip interactive confirmation.'
complete -c vpnd -n '__fish_seen_subcommand_from host remove' -l root -r -d 'Override repository root (VPN_DEPLOY_ROOT; default: discover from cwd).'
complete -c vpnd -n '__fish_seen_subcommand_from host remove' -l env -s e -r -d 'Target environment (VPN_ENV; default: prod).'
complete -c vpnd -n '__fish_seen_subcommand_from host remove' -l provider -s p -r -d 'Cloud provider Terraform root (VPN_PROVIDER; default: upcloud).'
complete -c vpnd -n '__fish_seen_subcommand_from ai-docs' -s h -l help -d 'show this help message and exit'
complete -c vpnd -n '__fish_seen_subcommand_from ai-docs' -l explain -d 'Print underlying invocations without running them.'
complete -c vpnd -n '__fish_seen_subcommand_from ai-docs' -l yes -s y -d 'Skip interactive confirmation.'
complete -c vpnd -n '__fish_seen_subcommand_from ai-docs' -l root -r -d 'Override repository root (VPN_DEPLOY_ROOT; default: discover from cwd).'
complete -c vpnd -n '__fish_seen_subcommand_from ai-docs' -l env -s e -r -d 'Target environment (VPN_ENV; default: prod).'
complete -c vpnd -n '__fish_seen_subcommand_from ai-docs' -l provider -s p -r -d 'Cloud provider Terraform root (VPN_PROVIDER; default: upcloud).'
complete -c vpnd -n '__fish_seen_subcommand_from ai-docs' -l out -r -d 'Output directory (default: ./ai-docs/).'
complete -c vpnd -n '__fish_seen_subcommand_from update' -s h -l help -d 'show this help message and exit'
complete -c vpnd -n '__fish_seen_subcommand_from update' -l explain -d 'Print the GitHub API URL that would be queried and exit without fetching.'
complete -c vpnd -n '__fish_seen_subcommand_from update' -l yes -s y -d 'Skip interactive confirmation.'
complete -c vpnd -n '__fish_seen_subcommand_from update' -l root -r -d 'Override repository root (VPN_DEPLOY_ROOT; default: discover from cwd).'
complete -c vpnd -n '__fish_seen_subcommand_from update' -l env -s e -r -d 'Target environment (VPN_ENV; default: prod).'
complete -c vpnd -n '__fish_seen_subcommand_from update' -l provider -s p -r -d 'Cloud provider Terraform root (VPN_PROVIDER; default: upcloud).'
complete -c vpnd -n '__fish_seen_subcommand_from completions' -s h -l help -d 'show this help message and exit'
complete -c vpnd -n '__fish_seen_subcommand_from completions' -l explain -d 'Print underlying invocations without running them.'
complete -c vpnd -n '__fish_seen_subcommand_from completions' -l yes -s y -d 'Skip interactive confirmation.'
complete -c vpnd -n '__fish_seen_subcommand_from completions' -l root -r -d 'Override repository root (VPN_DEPLOY_ROOT; default: discover from cwd).'
complete -c vpnd -n '__fish_seen_subcommand_from completions' -l env -s e -r -d 'Target environment (VPN_ENV; default: prod).'
complete -c vpnd -n '__fish_seen_subcommand_from completions' -l provider -s p -r -d 'Cloud provider Terraform root (VPN_PROVIDER; default: upcloud).'
